0 verbose cli /opt/homebrew/Cellar/node/25.6.1/bin/node /opt/homebrew/bin/npm
1 info using npm@11.9.0
2 info using node@v25.6.1
3 silly config load:file:/opt/homebrew/lib/node_modules/npm/npmrc
4 silly config load:file:/Users/varunreddy/Desktop/agri_apdl/.npmrc
5 silly config load:file:/Users/varunreddy/.npmrc
6 silly config load:file:/opt/homebrew/etc/npmrc
7 verbose title npm install
8 verbose argv "install" "--cache" "./npm-cache"
9 verbose logfile logs-max:10 dir:/Users/varunreddy/Desktop/agri_apdl/npm-cache/_logs/2026-06-24T04_30_57_975Z-
10 verbose logfile /Users/varunreddy/Desktop/agri_apdl/npm-cache/_logs/2026-06-24T04_30_57_975Z-debug-0.log
11 silly logfile done cleaning log files
12 silly packumentCache heap:4496293888 maxSize:1124073472 maxEntrySize:562036736
13 silly idealTree buildDeps
14 silly fetch manifest axios@^1.7.2
15 silly packumentCache full:https://registry.npmjs.org/axios cache-miss
16 http fetch GET 200 https://registry.npmjs.org/axios 58ms (cache miss)
17 silly packumentCache full:https://registry.npmjs.org/axios set size:undefined disposed:false
18 silly fetch manifest cors@^2.8.5
19 silly packumentCache full:https://registry.npmjs.org/cors cache-miss
20 http fetch GET 200 https://registry.npmjs.org/cors 21ms (cache miss)
21 silly packumentCache full:https://registry.npmjs.org/cors set size:undefined disposed:false
22 silly fetch manifest dotenv@^16.4.5
23 silly packumentCache full:https://registry.npmjs.org/dotenv cache-miss
24 http fetch GET 200 https://registry.npmjs.org/npm 120ms
25 http fetch GET 200 https://registry.npmjs.org/dotenv 30ms (cache miss)
26 silly packumentCache full:https://registry.npmjs.org/dotenv set size:undefined disposed:false
27 silly fetch manifest express@^4.19.2
28 silly packumentCache full:https://registry.npmjs.org/express cache-miss
29 http fetch GET 200 https://registry.npmjs.org/express 49ms (cache miss)
30 silly packumentCache full:https://registry.npmjs.org/express set size:undefined disposed:false
31 silly fetch manifest rss-parser@^3.13.0
32 silly packumentCache full:https://registry.npmjs.org/rss-parser cache-miss
33 http fetch GET 200 https://registry.npmjs.org/rss-parser 22ms (cache miss)
34 silly packumentCache full:https://registry.npmjs.org/rss-parser set size:undefined disposed:false
35 silly placeDep ROOT axios@1.18.1 OK for: ap-agriculture-news-crawler@1.0.0 want: ^1.7.2
36 silly placeDep ROOT cors@2.8.6 OK for: ap-agriculture-news-crawler@1.0.0 want: ^2.8.5
37 silly placeDep ROOT dotenv@16.6.1 OK for: ap-agriculture-news-crawler@1.0.0 want: ^16.4.5
38 silly placeDep ROOT express@4.22.2 OK for: ap-agriculture-news-crawler@1.0.0 want: ^4.19.2
39 silly placeDep ROOT rss-parser@3.13.0 OK for: ap-agriculture-news-crawler@1.0.0 want: ^3.13.0
40 silly fetch manifest form-data@^4.0.5
41 silly packumentCache full:https://registry.npmjs.org/form-data cache-miss
42 silly fetch manifest proxy-from-env@^2.1.0
43 silly packumentCache full:https://registry.npmjs.org/proxy-from-env cache-miss
44 silly fetch manifest follow-redirects@^1.16.0
45 silly packumentCache full:https://registry.npmjs.org/follow-redirects cache-miss
46 silly fetch manifest https-proxy-agent@^5.0.1
47 silly packumentCache full:https://registry.npmjs.org/https-proxy-agent cache-miss
48 silly fetch manifest object-assign@^4
49 silly packumentCache full:https://registry.npmjs.org/object-assign cache-miss
50 silly fetch manifest vary@^1
51 silly packumentCache full:https://registry.npmjs.org/vary cache-miss
52 silly fetch manifest qs@~6.15.1
53 silly packumentCache full:https://registry.npmjs.org/qs cache-miss
54 silly fetch manifest depd@2.0.0
55 silly packumentCache full:https://registry.npmjs.org/depd cache-miss
56 silly fetch manifest etag@~1.8.1
57 silly packumentCache full:https://registry.npmjs.org/etag cache-miss
58 http fetch GET 200 https://registry.npmjs.org/proxy-from-env 22ms (cache miss)
59 silly packumentCache full:https://registry.npmjs.org/proxy-from-env set size:undefined disposed:false
60 silly fetch manifest send@~0.19.0
61 silly packumentCache full:https://registry.npmjs.org/send cache-miss
62 http fetch GET 200 https://registry.npmjs.org/form-data 30ms (cache miss)
63 silly packumentCache full:https://registry.npmjs.org/form-data set size:undefined disposed:false
64 silly fetch manifest vary@~1.1.2
65 silly packumentCache full:https://registry.npmjs.org/vary cache-miss
66 http fetch GET 200 https://registry.npmjs.org/object-assign 44ms (cache miss)
67 silly packumentCache full:https://registry.npmjs.org/object-assign set size:undefined disposed:false
68 silly fetch manifest debug@2.6.9
69 silly packumentCache full:https://registry.npmjs.org/debug cache-miss
70 http fetch GET 200 https://registry.npmjs.org/send 23ms (cache miss)
71 silly packumentCache full:https://registry.npmjs.org/send set size:undefined disposed:false
72 silly fetch manifest fresh@~0.5.2
73 silly packumentCache full:https://registry.npmjs.org/fresh cache-miss
74 http fetch GET 200 https://registry.npmjs.org/vary 48ms (cache miss)
75 silly packumentCache full:https://registry.npmjs.org/vary set size:undefined disposed:false
76 silly fetch manifest cookie@~0.7.1
77 silly packumentCache full:https://registry.npmjs.org/cookie cache-miss
78 http fetch GET 200 https://registry.npmjs.org/etag 51ms (cache miss)
79 silly packumentCache full:https://registry.npmjs.org/etag set size:undefined disposed:false
80 silly fetch manifest accepts@~1.3.8
81 silly packumentCache full:https://registry.npmjs.org/accepts cache-miss
82 http fetch GET 200 https://registry.npmjs.org/vary 23ms (cache miss)
83 silly packumentCache full:https://registry.npmjs.org/vary set size:undefined disposed:false
84 silly fetch manifest methods@~1.1.2
85 silly packumentCache full:https://registry.npmjs.org/methods cache-miss
86 http fetch GET 200 https://registry.npmjs.org/https-proxy-agent 53ms (cache miss)
87 silly packumentCache full:https://registry.npmjs.org/https-proxy-agent set size:undefined disposed:false
88 silly fetch manifest type-is@~1.6.18
89 silly packumentCache full:https://registry.npmjs.org/type-is cache-miss
90 http fetch GET 200 https://registry.npmjs.org/depd 55ms (cache miss)
91 silly packumentCache full:https://registry.npmjs.org/depd set size:undefined disposed:false
92 silly fetch manifest parseurl@~1.3.3
93 silly packumentCache full:https://registry.npmjs.org/parseurl cache-miss
94 http fetch GET 200 https://registry.npmjs.org/follow-redirects 57ms (cache miss)
95 silly packumentCache full:https://registry.npmjs.org/follow-redirects set size:undefined disposed:false
96 silly fetch manifest statuses@~2.0.1
97 silly packumentCache full:https://registry.npmjs.org/statuses cache-miss
98 http fetch GET 200 https://registry.npmjs.org/qs 61ms (cache miss)
99 silly packumentCache full:https://registry.npmjs.org/qs set size:undefined disposed:false
100 silly fetch manifest encodeurl@~2.0.0
101 silly packumentCache full:https://registry.npmjs.org/encodeurl cache-miss
102 http fetch GET 200 https://registry.npmjs.org/fresh 17ms (cache miss)
103 silly packumentCache full:https://registry.npmjs.org/fresh set size:undefined disposed:false
104 silly fetch manifest proxy-addr@~2.0.7
105 silly packumentCache full:https://registry.npmjs.org/proxy-addr cache-miss
106 http fetch GET 200 https://registry.npmjs.org/debug 24ms (cache miss)
107 silly packumentCache full:https://registry.npmjs.org/debug set size:undefined disposed:false
108 silly fetch manifest body-parser@~1.20.5
109 silly packumentCache full:https://registry.npmjs.org/body-parser cache-miss
110 http fetch GET 200 https://registry.npmjs.org/cookie 23ms (cache miss)
111 silly packumentCache full:https://registry.npmjs.org/cookie set size:undefined disposed:false
112 silly fetch manifest escape-html@~1.0.3
113 silly packumentCache full:https://registry.npmjs.org/escape-html cache-miss
114 http fetch GET 200 https://registry.npmjs.org/accepts 20ms (cache miss)
115 silly packumentCache full:https://registry.npmjs.org/accepts set size:undefined disposed:false
116 silly fetch manifest http-errors@~2.0.0
117 silly packumentCache full:https://registry.npmjs.org/http-errors cache-miss
118 http fetch GET 200 https://registry.npmjs.org/methods 21ms (cache miss)
119 silly packumentCache full:https://registry.npmjs.org/methods set size:undefined disposed:false
120 silly fetch manifest on-finished@~2.4.1
121 silly packumentCache full:https://registry.npmjs.org/on-finished cache-miss
122 http fetch GET 200 https://registry.npmjs.org/parseurl 22ms (cache miss)
123 silly packumentCache full:https://registry.npmjs.org/parseurl set size:undefined disposed:false
124 silly fetch manifest safe-buffer@5.2.1
125 silly packumentCache full:https://registry.npmjs.org/safe-buffer cache-miss
126 http fetch GET 200 https://registry.npmjs.org/type-is 27ms (cache miss)
127 silly packumentCache full:https://registry.npmjs.org/type-is set size:undefined disposed:false
128 silly fetch manifest utils-merge@1.0.1
129 silly packumentCache full:https://registry.npmjs.org/utils-merge cache-miss
130 http fetch GET 200 https://registry.npmjs.org/statuses 24ms (cache miss)
131 silly packumentCache full:https://registry.npmjs.org/statuses set size:undefined disposed:false
132 silly fetch manifest content-type@~1.0.4
133 silly packumentCache full:https://registry.npmjs.org/content-type cache-miss
134 http fetch GET 200 https://registry.npmjs.org/encodeurl 20ms (cache miss)
135 silly packumentCache full:https://registry.npmjs.org/encodeurl set size:undefined disposed:false
136 silly fetch manifest finalhandler@~1.3.1
137 silly packumentCache full:https://registry.npmjs.org/finalhandler cache-miss
138 http fetch GET 200 https://registry.npmjs.org/proxy-addr 20ms (cache miss)
139 silly packumentCache full:https://registry.npmjs.org/proxy-addr set size:undefined disposed:false
140 silly fetch manifest range-parser@~1.2.1
141 silly packumentCache full:https://registry.npmjs.org/range-parser cache-miss
142 http fetch GET 200 https://registry.npmjs.org/escape-html 17ms (cache miss)
143 silly packumentCache full:https://registry.npmjs.org/escape-html set size:undefined disposed:false
144 silly fetch manifest serve-static@~1.16.2
145 silly packumentCache full:https://registry.npmjs.org/serve-static cache-miss
146 http fetch GET 200 https://registry.npmjs.org/on-finished 18ms (cache miss)
147 silly packumentCache full:https://registry.npmjs.org/on-finished set size:undefined disposed:false
148 silly fetch manifest array-flatten@1.1.1
149 silly packumentCache full:https://registry.npmjs.org/array-flatten cache-miss
150 http fetch GET 200 https://registry.npmjs.org/http-errors 20ms (cache miss)
151 silly packumentCache full:https://registry.npmjs.org/http-errors set size:undefined disposed:false
152 silly fetch manifest path-to-regexp@~0.1.12
153 silly packumentCache full:https://registry.npmjs.org/path-to-regexp cache-miss
154 http fetch GET 200 https://registry.npmjs.org/body-parser 24ms (cache miss)
155 silly packumentCache full:https://registry.npmjs.org/body-parser set size:undefined disposed:false
156 silly fetch manifest setprototypeof@1.2.0
157 silly packumentCache full:https://registry.npmjs.org/setprototypeof cache-miss
158 http fetch GET 200 https://registry.npmjs.org/safe-buffer 25ms (cache miss)
159 silly packumentCache full:https://registry.npmjs.org/safe-buffer set size:undefined disposed:false
160 silly fetch manifest cookie-signature@~1.0.6
161 silly packumentCache full:https://registry.npmjs.org/cookie-signature cache-miss
162 http fetch GET 200 https://registry.npmjs.org/finalhandler 20ms (cache miss)
163 silly packumentCache full:https://registry.npmjs.org/finalhandler set size:undefined disposed:false
164 silly fetch manifest merge-descriptors@1.0.3
165 silly packumentCache full:https://registry.npmjs.org/merge-descriptors cache-miss
166 http fetch GET 200 https://registry.npmjs.org/range-parser 18ms (cache miss)
167 silly packumentCache full:https://registry.npmjs.org/range-parser set size:undefined disposed:false
168 silly fetch manifest content-disposition@~0.5.4
169 silly packumentCache full:https://registry.npmjs.org/content-disposition cache-miss
170 http fetch GET 200 https://registry.npmjs.org/utils-merge 24ms (cache miss)
171 silly packumentCache full:https://registry.npmjs.org/utils-merge set size:undefined disposed:false
172 silly fetch manifest entities@^2.0.3
173 silly packumentCache full:https://registry.npmjs.org/entities cache-miss
174 http fetch GET 200 https://registry.npmjs.org/content-type 24ms (cache miss)
175 silly packumentCache full:https://registry.npmjs.org/content-type set size:undefined disposed:false
176 silly fetch manifest xml2js@^0.5.0
177 silly packumentCache full:https://registry.npmjs.org/xml2js cache-miss
178 http fetch GET 200 https://registry.npmjs.org/array-flatten 20ms (cache miss)
179 silly packumentCache full:https://registry.npmjs.org/array-flatten set size:undefined disposed:false
180 http fetch GET 200 https://registry.npmjs.org/serve-static 23ms (cache miss)
181 silly packumentCache full:https://registry.npmjs.org/serve-static set size:undefined disposed:false
182 http fetch GET 200 https://registry.npmjs.org/setprototypeof 20ms (cache miss)
183 silly packumentCache full:https://registry.npmjs.org/setprototypeof set size:undefined disposed:false
184 http fetch GET 200 https://registry.npmjs.org/cookie-signature 17ms (cache miss)
185 silly packumentCache full:https://registry.npmjs.org/cookie-signature set size:undefined disposed:false
186 http fetch GET 200 https://registry.npmjs.org/path-to-regexp 28ms (cache miss)
187 silly packumentCache full:https://registry.npmjs.org/path-to-regexp set size:undefined disposed:false
188 http fetch GET 200 https://registry.npmjs.org/merge-descriptors 19ms (cache miss)
189 silly packumentCache full:https://registry.npmjs.org/merge-descriptors set size:undefined disposed:false
190 http fetch GET 200 https://registry.npmjs.org/content-disposition 27ms (cache miss)
191 silly packumentCache full:https://registry.npmjs.org/content-disposition set size:undefined disposed:false
192 http fetch GET 200 https://registry.npmjs.org/xml2js 34ms (cache miss)
193 silly packumentCache full:https://registry.npmjs.org/xml2js set size:undefined disposed:false
194 http fetch GET 200 https://registry.npmjs.org/entities 36ms (cache miss)
195 silly packumentCache full:https://registry.npmjs.org/entities set size:undefined disposed:false
196 silly placeDep ROOT follow-redirects@1.16.0 OK for: axios@1.18.1 want: ^1.16.0
197 silly placeDep ROOT form-data@4.0.6 OK for: axios@1.18.1 want: ^4.0.5
198 silly placeDep ROOT https-proxy-agent@5.0.1 OK for: axios@1.18.1 want: ^5.0.1
199 silly placeDep ROOT proxy-from-env@2.1.0 OK for: axios@1.18.1 want: ^2.1.0
200 silly fetch manifest hasown@^2.0.4
201 silly packumentCache full:https://registry.npmjs.org/hasown cache-miss
202 silly fetch manifest asynckit@^0.4.0
203 silly packumentCache full:https://registry.npmjs.org/asynckit cache-miss
204 silly fetch manifest mime-types@^2.1.35
205 silly packumentCache full:https://registry.npmjs.org/mime-types cache-miss
206 silly fetch manifest combined-stream@^1.0.8
207 silly packumentCache full:https://registry.npmjs.org/combined-stream cache-miss
208 silly fetch manifest es-set-tostringtag@^2.1.0
209 silly packumentCache full:https://registry.npmjs.org/es-set-tostringtag cache-miss
210 silly fetch manifest debug@4
211 silly packumentCache full:https://registry.npmjs.org/debug cache-miss
212 silly fetch manifest agent-base@6
213 silly packumentCache full:https://registry.npmjs.org/agent-base cache-miss
214 http cache https://registry.npmjs.org/debug 4ms (cache hit)
215 silly packumentCache full:https://registry.npmjs.org/debug set size:195840 disposed:false
216 http fetch GET 200 https://registry.npmjs.org/hasown 18ms (cache miss)
217 silly packumentCache full:https://registry.npmjs.org/hasown set size:undefined disposed:false
218 http fetch GET 200 https://registry.npmjs.org/asynckit 19ms (cache miss)
219 silly packumentCache full:https://registry.npmjs.org/asynckit set size:undefined disposed:false
220 http fetch GET 200 https://registry.npmjs.org/es-set-tostringtag 24ms (cache miss)
221 silly packumentCache full:https://registry.npmjs.org/es-set-tostringtag set size:undefined disposed:false
222 http fetch GET 200 https://registry.npmjs.org/combined-stream 25ms (cache miss)
223 silly packumentCache full:https://registry.npmjs.org/combined-stream set size:undefined disposed:false
224 http fetch GET 200 https://registry.npmjs.org/agent-base 25ms (cache miss)
225 silly packumentCache full:https://registry.npmjs.org/agent-base set size:undefined disposed:false
226 http fetch GET 200 https://registry.npmjs.org/mime-types 28ms (cache miss)
227 silly packumentCache full:https://registry.npmjs.org/mime-types set size:undefined disposed:false
228 silly placeDep ROOT object-assign@4.1.1 OK for: cors@2.8.6 want: ^4
229 silly placeDep ROOT vary@1.1.2 OK for: cors@2.8.6 want: ^1
230 silly placeDep ROOT accepts@1.3.8 OK for: express@4.22.2 want: ~1.3.8
231 silly placeDep ROOT array-flatten@1.1.1 OK for: express@4.22.2 want: 1.1.1
232 silly placeDep ROOT body-parser@1.20.5 OK for: express@4.22.2 want: ~1.20.5
233 silly placeDep ROOT content-disposition@0.5.4 OK for: express@4.22.2 want: ~0.5.4
234 silly placeDep ROOT content-type@1.0.5 OK for: express@4.22.2 want: ~1.0.4
235 silly placeDep ROOT cookie@0.7.2 OK for: express@4.22.2 want: ~0.7.1
236 silly placeDep ROOT cookie-signature@1.0.7 OK for: express@4.22.2 want: ~1.0.6
237 silly placeDep ROOT debug@2.6.9 OK for: express@4.22.2 want: 2.6.9
238 silly placeDep ROOT depd@2.0.0 OK for: express@4.22.2 want: 2.0.0
239 silly placeDep ROOT encodeurl@2.0.0 OK for: express@4.22.2 want: ~2.0.0
240 silly placeDep ROOT escape-html@1.0.3 OK for: express@4.22.2 want: ~1.0.3
241 silly placeDep ROOT etag@1.8.1 OK for: express@4.22.2 want: ~1.8.1
242 silly placeDep ROOT finalhandler@1.3.2 OK for: express@4.22.2 want: ~1.3.1
243 silly placeDep ROOT fresh@0.5.2 OK for: express@4.22.2 want: ~0.5.2
244 silly placeDep ROOT http-errors@2.0.1 OK for: express@4.22.2 want: ~2.0.0
245 silly placeDep ROOT merge-descriptors@1.0.3 OK for: express@4.22.2 want: 1.0.3
246 silly placeDep ROOT methods@1.1.2 OK for: express@4.22.2 want: ~1.1.2
247 silly placeDep ROOT on-finished@2.4.1 OK for: express@4.22.2 want: ~2.4.1
248 silly placeDep ROOT parseurl@1.3.3 OK for: express@4.22.2 want: ~1.3.3
249 silly placeDep ROOT path-to-regexp@0.1.13 OK for: express@4.22.2 want: ~0.1.12
250 silly placeDep ROOT proxy-addr@2.0.7 OK for: express@4.22.2 want: ~2.0.7
251 silly placeDep ROOT qs@6.15.2 OK for: express@4.22.2 want: ~6.15.1
252 silly placeDep ROOT range-parser@1.2.1 OK for: express@4.22.2 want: ~1.2.1
253 silly placeDep ROOT safe-buffer@5.2.1 OK for: express@4.22.2 want: 5.2.1
254 silly placeDep ROOT send@0.19.2 OK for: express@4.22.2 want: ~0.19.0
255 silly placeDep ROOT serve-static@1.16.3 OK for: express@4.22.2 want: ~1.16.2
256 silly placeDep ROOT setprototypeof@1.2.0 OK for: express@4.22.2 want: 1.2.0
257 silly placeDep ROOT statuses@2.0.2 OK for: express@4.22.2 want: ~2.0.1
258 silly placeDep ROOT type-is@1.6.18 OK for: express@4.22.2 want: ~1.6.18
259 silly placeDep ROOT utils-merge@1.0.1 OK for: express@4.22.2 want: 1.0.1
260 silly fetch manifest mime-types@~2.1.34
261 silly packumentCache full:https://registry.npmjs.org/mime-types cache-miss
262 silly fetch manifest negotiator@0.6.3
263 silly packumentCache full:https://registry.npmjs.org/negotiator cache-miss
264 silly fetch manifest bytes@~3.1.2
265 silly packumentCache full:https://registry.npmjs.org/bytes cache-miss
266 silly fetch manifest unpipe@~1.0.0
267 silly packumentCache full:https://registry.npmjs.org/unpipe cache-miss
268 silly fetch manifest destroy@~1.2.0
269 silly packumentCache full:https://registry.npmjs.org/destroy cache-miss
270 silly fetch manifest raw-body@~2.5.3
271 silly packumentCache full:https://registry.npmjs.org/raw-body cache-miss
272 silly fetch manifest iconv-lite@~0.4.24
273 silly packumentCache full:https://registry.npmjs.org/iconv-lite cache-miss
274 silly fetch manifest http-errors@~2.0.1
275 silly packumentCache full:https://registry.npmjs.org/http-errors cache-miss
276 silly fetch manifest content-type@~1.0.5
277 silly packumentCache full:https://registry.npmjs.org/content-type cache-miss
278 http cache https://registry.npmjs.org/mime-types 3ms (cache hit)
279 silly packumentCache full:https://registry.npmjs.org/mime-types set size:139110 disposed:false
280 silly fetch manifest ms@2.0.0
281 silly packumentCache full:https://registry.npmjs.org/ms cache-miss
282 http cache https://registry.npmjs.org/http-errors 3ms (cache hit)
283 silly packumentCache full:https://registry.npmjs.org/http-errors set size:71987 disposed:false
284 silly fetch manifest unpipe@~1.0.0
285 silly packumentCache full:https://registry.npmjs.org/unpipe cache-miss
286 http cache https://registry.npmjs.org/content-type 4ms (cache hit)
287 silly packumentCache full:https://registry.npmjs.org/content-type set size:18994 disposed:false
288 silly fetch manifest statuses@~2.0.2
289 silly packumentCache full:https://registry.npmjs.org/statuses cache-miss
290 http cache https://registry.npmjs.org/statuses 1ms (cache hit)
291 silly packumentCache full:https://registry.npmjs.org/statuses set size:37117 disposed:false
292 silly fetch manifest inherits@~2.0.4
293 silly packumentCache full:https://registry.npmjs.org/inherits cache-miss
294 http fetch GET 200 https://registry.npmjs.org/destroy 21ms (cache miss)
295 silly packumentCache full:https://registry.npmjs.org/destroy set size:undefined disposed:false
296 silly fetch manifest setprototypeof@~1.2.0
297 silly packumentCache full:https://registry.npmjs.org/setprototypeof cache-miss
298 http fetch GET 200 https://registry.npmjs.org/unpipe 17ms (cache miss)
299 silly packumentCache full:https://registry.npmjs.org/unpipe set size:undefined disposed:false
300 silly fetch manifest toidentifier@~1.0.1
301 silly packumentCache full:https://registry.npmjs.org/toidentifier cache-miss
302 http cache https://registry.npmjs.org/setprototypeof 3ms (cache hit)
303 silly packumentCache full:https://registry.npmjs.org/setprototypeof set size:14532 disposed:false
304 silly fetch manifest ee-first@1.1.1
305 silly packumentCache full:https://registry.npmjs.org/ee-first cache-miss
306 http fetch GET 200 https://registry.npmjs.org/unpipe 25ms (cache miss)
307 silly packumentCache full:https://registry.npmjs.org/unpipe set size:undefined disposed:false
308 silly fetch manifest forwarded@0.2.0
309 silly packumentCache full:https://registry.npmjs.org/forwarded cache-miss
310 http fetch GET 200 https://registry.npmjs.org/negotiator 26ms (cache miss)
311 silly packumentCache full:https://registry.npmjs.org/negotiator set size:undefined disposed:false
312 silly fetch manifest ipaddr.js@1.9.1
313 silly packumentCache full:https://registry.npmjs.org/ipaddr.js cache-miss
314 http fetch GET 200 https://registry.npmjs.org/inherits 22ms (cache miss)
315 silly packumentCache full:https://registry.npmjs.org/inherits set size:undefined disposed:false
316 silly fetch manifest side-channel@^1.1.0
317 silly packumentCache full:https://registry.npmjs.org/side-channel cache-miss
318 http fetch GET 200 https://registry.npmjs.org/raw-body 27ms (cache miss)
319 silly packumentCache full:https://registry.npmjs.org/raw-body set size:undefined disposed:false
320 silly fetch manifest ms@2.1.3
321 silly packumentCache full:https://registry.npmjs.org/ms cache-miss
322 http fetch GET 200 https://registry.npmjs.org/ms 26ms (cache miss)
323 silly packumentCache full:https://registry.npmjs.org/ms set size:undefined disposed:false
324 silly fetch manifest mime@1.6.0
325 silly packumentCache full:https://registry.npmjs.org/mime cache-miss
326 http fetch GET 200 https://registry.npmjs.org/iconv-lite 31ms (cache miss)
327 silly packumentCache full:https://registry.npmjs.org/iconv-lite set size:undefined disposed:false
328 silly fetch manifest destroy@1.2.0
329 silly packumentCache full:https://registry.npmjs.org/destroy cache-miss
330 http fetch GET 200 https://registry.npmjs.org/bytes 32ms (cache miss)
331 silly packumentCache full:https://registry.npmjs.org/bytes set size:undefined disposed:false
332 silly fetch manifest mime-types@~2.1.24
333 silly packumentCache full:https://registry.npmjs.org/mime-types cache-hit
334 silly fetch manifest media-typer@0.3.0
335 silly packumentCache full:https://registry.npmjs.org/media-typer cache-miss
336 http cache https://registry.npmjs.org/destroy 1ms (cache hit)
337 silly packumentCache full:https://registry.npmjs.org/destroy set size:15738 disposed:false
338 http fetch GET 200 https://registry.npmjs.org/toidentifier 21ms (cache miss)
339 silly packumentCache full:https://registry.npmjs.org/toidentifier set size:undefined disposed:false
340 http fetch GET 200 https://registry.npmjs.org/ipaddr.js 21ms (cache miss)
341 silly packumentCache full:https://registry.npmjs.org/ipaddr.js set size:undefined disposed:false
342 http fetch GET 200 https://registry.npmjs.org/ms 26ms (cache miss)
343 silly packumentCache full:https://registry.npmjs.org/ms set size:undefined disposed:false
344 http fetch GET 200 https://registry.npmjs.org/ee-first 30ms (cache miss)
345 silly packumentCache full:https://registry.npmjs.org/ee-first set size:undefined disposed:false
346 http fetch GET 200 https://registry.npmjs.org/forwarded 30ms (cache miss)
347 silly packumentCache full:https://registry.npmjs.org/forwarded set size:undefined disposed:false
348 http fetch GET 200 https://registry.npmjs.org/side-channel 28ms (cache miss)
349 silly packumentCache full:https://registry.npmjs.org/side-channel set size:undefined disposed:false
350 http fetch GET 200 https://registry.npmjs.org/mime 27ms (cache miss)
351 silly packumentCache full:https://registry.npmjs.org/mime set size:undefined disposed:false
352 http fetch GET 200 https://registry.npmjs.org/media-typer 28ms (cache miss)
353 silly packumentCache full:https://registry.npmjs.org/media-typer set size:undefined disposed:false
354 silly placeDep ROOT mime-types@2.1.35 OK for: accepts@1.3.8 want: ~2.1.34
355 silly placeDep ROOT negotiator@0.6.3 OK for: accepts@1.3.8 want: 0.6.3
356 silly fetch manifest mime-db@1.52.0
357 silly packumentCache full:https://registry.npmjs.org/mime-db cache-miss
358 http fetch GET 200 https://registry.npmjs.org/mime-db 24ms (cache miss)
359 silly packumentCache full:https://registry.npmjs.org/mime-db set size:undefined disposed:false
360 silly placeDep ROOT bytes@3.1.2 OK for: body-parser@1.20.5 want: ~3.1.2
361 silly placeDep ROOT destroy@1.2.0 OK for: body-parser@1.20.5 want: ~1.2.0
362 silly placeDep ROOT iconv-lite@0.4.24 OK for: body-parser@1.20.5 want: ~0.4.24
363 silly placeDep ROOT raw-body@2.5.3 OK for: body-parser@1.20.5 want: ~2.5.3
364 silly placeDep ROOT unpipe@1.0.0 OK for: body-parser@1.20.5 want: ~1.0.0
365 silly fetch manifest safer-buffer@>= 2.1.2 < 3
366 silly packumentCache full:https://registry.npmjs.org/safer-buffer cache-miss
367 http fetch GET 200 https://registry.npmjs.org/safer-buffer 19ms (cache miss)
368 silly packumentCache full:https://registry.npmjs.org/safer-buffer set size:undefined disposed:false
369 silly placeDep ROOT ms@2.0.0 OK for: debug@2.6.9 want: 2.0.0
370 silly placeDep ROOT asynckit@0.4.0 OK for: form-data@4.0.6 want: ^0.4.0
371 silly placeDep ROOT combined-stream@1.0.8 OK for: form-data@4.0.6 want: ^1.0.8
372 silly placeDep ROOT es-set-tostringtag@2.1.0 OK for: form-data@4.0.6 want: ^2.1.0
373 silly placeDep ROOT hasown@2.0.4 OK for: form-data@4.0.6 want: ^2.0.4
374 silly fetch manifest delayed-stream@~1.0.0
375 silly packumentCache full:https://registry.npmjs.org/delayed-stream cache-miss
376 silly fetch manifest es-errors@^1.3.0
377 silly packumentCache full:https://registry.npmjs.org/es-errors cache-miss
378 silly fetch manifest get-intrinsic@^1.2.6
379 silly packumentCache full:https://registry.npmjs.org/get-intrinsic cache-miss
380 silly fetch manifest has-tostringtag@^1.0.2
381 silly packumentCache full:https://registry.npmjs.org/has-tostringtag cache-miss
382 silly fetch manifest hasown@^2.0.2
383 silly packumentCache full:https://registry.npmjs.org/hasown cache-miss
384 silly fetch manifest function-bind@^1.1.2
385 silly packumentCache full:https://registry.npmjs.org/function-bind cache-miss
386 http cache https://registry.npmjs.org/hasown 2ms (cache hit)
387 silly packumentCache full:https://registry.npmjs.org/hasown set size:18361 disposed:false
388 http fetch GET 200 https://registry.npmjs.org/delayed-stream 22ms (cache miss)
389 silly packumentCache full:https://registry.npmjs.org/delayed-stream set size:undefined disposed:false
390 http fetch GET 200 https://registry.npmjs.org/has-tostringtag 22ms (cache miss)
391 silly packumentCache full:https://registry.npmjs.org/has-tostringtag set size:undefined disposed:false
392 http fetch GET 200 https://registry.npmjs.org/es-errors 23ms (cache miss)
393 silly packumentCache full:https://registry.npmjs.org/es-errors set size:undefined disposed:false
394 http fetch GET 200 https://registry.npmjs.org/function-bind 23ms (cache miss)
395 silly packumentCache full:https://registry.npmjs.org/function-bind set size:undefined disposed:false
396 http fetch GET 200 https://registry.npmjs.org/get-intrinsic 23ms (cache miss)
397 silly packumentCache full:https://registry.npmjs.org/get-intrinsic set size:undefined disposed:false
398 silly placeDep ROOT delayed-stream@1.0.0 OK for: combined-stream@1.0.8 want: ~1.0.0
399 silly placeDep ROOT es-errors@1.3.0 OK for: es-set-tostringtag@2.1.0 want: ^1.3.0
400 silly placeDep ROOT get-intrinsic@1.3.0 OK for: es-set-tostringtag@2.1.0 want: ^1.2.6
401 silly placeDep ROOT has-tostringtag@1.0.2 OK for: es-set-tostringtag@2.1.0 want: ^1.0.2
402 silly fetch manifest gopd@^1.2.0
403 silly packumentCache full:https://registry.npmjs.org/gopd cache-miss
404 silly fetch manifest get-proto@^1.0.1
405 silly packumentCache full:https://registry.npmjs.org/get-proto cache-miss
406 silly fetch manifest has-symbols@^1.1.0
407 silly packumentCache full:https://registry.npmjs.org/has-symbols cache-miss
408 silly fetch manifest es-object-atoms@^1.1.1
409 silly packumentCache full:https://registry.npmjs.org/es-object-atoms cache-miss
410 silly fetch manifest math-intrinsics@^1.1.0
411 silly packumentCache full:https://registry.npmjs.org/math-intrinsics cache-miss
412 silly fetch manifest es-define-property@^1.0.1
413 silly packumentCache full:https://registry.npmjs.org/es-define-property cache-miss
414 silly fetch manifest call-bind-apply-helpers@^1.0.2
415 silly packumentCache full:https://registry.npmjs.org/call-bind-apply-helpers cache-miss
416 silly fetch manifest has-symbols@^1.0.3
417 silly packumentCache full:https://registry.npmjs.org/has-symbols cache-miss
418 http fetch GET 200 https://registry.npmjs.org/math-intrinsics 19ms (cache miss)
419 silly packumentCache full:https://registry.npmjs.org/math-intrinsics set size:undefined disposed:false
420 http fetch GET 200 https://registry.npmjs.org/es-object-atoms 20ms (cache miss)
421 silly packumentCache full:https://registry.npmjs.org/es-object-atoms set size:undefined disposed:false
422 http fetch GET 200 https://registry.npmjs.org/has-symbols 19ms (cache miss)
423 silly packumentCache full:https://registry.npmjs.org/has-symbols set size:undefined disposed:false
424 http fetch GET 200 https://registry.npmjs.org/call-bind-apply-helpers 20ms (cache miss)
425 silly packumentCache full:https://registry.npmjs.org/call-bind-apply-helpers set size:undefined disposed:false
426 http fetch GET 200 https://registry.npmjs.org/has-symbols 23ms (cache miss)
427 silly packumentCache full:https://registry.npmjs.org/has-symbols set size:undefined disposed:false
428 http fetch GET 200 https://registry.npmjs.org/es-define-property 23ms (cache miss)
429 silly packumentCache full:https://registry.npmjs.org/es-define-property set size:undefined disposed:false
430 http fetch GET 200 https://registry.npmjs.org/gopd 24ms (cache miss)
431 silly packumentCache full:https://registry.npmjs.org/gopd set size:undefined disposed:false
432 http fetch GET 200 https://registry.npmjs.org/get-proto 25ms (cache miss)
433 silly packumentCache full:https://registry.npmjs.org/get-proto set size:undefined disposed:false
434 silly placeDep ROOT call-bind-apply-helpers@1.0.2 OK for: get-intrinsic@1.3.0 want: ^1.0.2
435 silly placeDep ROOT es-define-property@1.0.1 OK for: get-intrinsic@1.3.0 want: ^1.0.1
436 silly placeDep ROOT es-object-atoms@1.1.2 OK for: get-intrinsic@1.3.0 want: ^1.1.1
437 silly placeDep ROOT function-bind@1.1.2 OK for: get-intrinsic@1.3.0 want: ^1.1.2
438 silly placeDep ROOT get-proto@1.0.1 OK for: get-intrinsic@1.3.0 want: ^1.0.1
439 silly placeDep ROOT gopd@1.2.0 OK for: get-intrinsic@1.3.0 want: ^1.2.0
440 silly placeDep ROOT has-symbols@1.1.0 OK for: get-intrinsic@1.3.0 want: ^1.1.0
441 silly placeDep ROOT math-intrinsics@1.1.0 OK for: get-intrinsic@1.3.0 want: ^1.1.0
442 silly fetch manifest dunder-proto@^1.0.1
443 silly packumentCache full:https://registry.npmjs.org/dunder-proto cache-miss
444 http fetch GET 200 https://registry.npmjs.org/dunder-proto 21ms (cache miss)
445 silly packumentCache full:https://registry.npmjs.org/dunder-proto set size:undefined disposed:false
446 silly placeDep ROOT dunder-proto@1.0.1 OK for: get-proto@1.0.1 want: ^1.0.1
447 silly placeDep ROOT inherits@2.0.4 OK for: http-errors@2.0.1 want: ~2.0.4
448 silly placeDep ROOT toidentifier@1.0.1 OK for: http-errors@2.0.1 want: ~1.0.1
449 silly placeDep ROOT agent-base@6.0.2 OK for: https-proxy-agent@5.0.1 want: 6
450 silly placeDep node_modules/https-proxy-agent debug@4.4.3 OK for: https-proxy-agent@5.0.1 want: 4
451 silly fetch manifest ms@^2.1.3
452 silly packumentCache full:https://registry.npmjs.org/ms cache-miss
453 http cache https://registry.npmjs.org/ms 1ms (cache hit)
454 silly packumentCache full:https://registry.npmjs.org/ms set size:92208 disposed:false
455 silly placeDep node_modules/agent-base debug@4.4.3 OK for: agent-base@6.0.2 want: 4
456 silly placeDep ROOT safer-buffer@2.1.2 OK for: iconv-lite@0.4.24 want: >= 2.1.2 < 3
457 silly placeDep ROOT mime-db@1.52.0 OK for: mime-types@2.1.35 want: 1.52.0
458 silly placeDep ROOT ee-first@1.1.1 OK for: on-finished@2.4.1 want: 1.1.1
459 silly placeDep ROOT forwarded@0.2.0 OK for: proxy-addr@2.0.7 want: 0.2.0
460 silly placeDep ROOT ipaddr.js@1.9.1 OK for: proxy-addr@2.0.7 want: 1.9.1
461 silly placeDep ROOT side-channel@1.1.1 OK for: qs@6.15.2 want: ^1.1.0
462 silly fetch manifest object-inspect@^1.13.4
463 silly packumentCache full:https://registry.npmjs.org/object-inspect cache-miss
464 silly fetch manifest side-channel-list@^1.0.1
465 silly packumentCache full:https://registry.npmjs.org/side-channel-list cache-miss
466 silly fetch manifest side-channel-map@^1.0.1
467 silly packumentCache full:https://registry.npmjs.org/side-channel-map cache-miss
468 silly fetch manifest side-channel-weakmap@^1.0.2
469 silly packumentCache full:https://registry.npmjs.org/side-channel-weakmap cache-miss
470 http fetch GET 200 https://registry.npmjs.org/side-channel-weakmap 19ms (cache miss)
471 silly packumentCache full:https://registry.npmjs.org/side-channel-weakmap set size:undefined disposed:false
472 http fetch GET 200 https://registry.npmjs.org/side-channel-list 20ms (cache miss)
473 silly packumentCache full:https://registry.npmjs.org/side-channel-list set size:undefined disposed:false
474 http fetch GET 200 https://registry.npmjs.org/side-channel-map 20ms (cache miss)
475 silly packumentCache full:https://registry.npmjs.org/side-channel-map set size:undefined disposed:false
476 http fetch GET 200 https://registry.npmjs.org/object-inspect 21ms (cache miss)
477 silly packumentCache full:https://registry.npmjs.org/object-inspect set size:undefined disposed:false
478 silly placeDep ROOT entities@2.2.0 OK for: rss-parser@3.13.0 want: ^2.0.3
479 silly placeDep ROOT xml2js@0.5.0 OK for: rss-parser@3.13.0 want: ^0.5.0
480 silly fetch manifest sax@>=0.6.0
481 silly packumentCache full:https://registry.npmjs.org/sax cache-miss
482 silly fetch manifest xmlbuilder@~11.0.0
483 silly packumentCache full:https://registry.npmjs.org/xmlbuilder cache-miss
484 http fetch GET 200 https://registry.npmjs.org/sax 18ms (cache miss)
485 silly packumentCache full:https://registry.npmjs.org/sax set size:undefined disposed:false
486 http fetch GET 200 https://registry.npmjs.org/xmlbuilder 25ms (cache miss)
487 silly packumentCache full:https://registry.npmjs.org/xmlbuilder set size:undefined disposed:false
488 silly placeDep ROOT mime@1.6.0 OK for: send@0.19.2 want: 1.6.0
489 silly placeDep node_modules/send ms@2.1.3 OK for: send@0.19.2 want: 2.1.3
490 silly placeDep ROOT object-inspect@1.13.4 OK for: side-channel@1.1.1 want: ^1.13.4
491 silly placeDep ROOT side-channel-list@1.0.1 OK for: side-channel@1.1.1 want: ^1.0.1
492 silly placeDep ROOT side-channel-map@1.0.1 OK for: side-channel@1.1.1 want: ^1.0.1
493 silly placeDep ROOT side-channel-weakmap@1.0.2 OK for: side-channel@1.1.1 want: ^1.0.2
494 silly fetch manifest call-bound@^1.0.2
495 silly packumentCache full:https://registry.npmjs.org/call-bound cache-miss
496 silly fetch manifest call-bound@^1.0.2
497 silly packumentCache full:https://registry.npmjs.org/call-bound cache-miss
498 http fetch GET 200 https://registry.npmjs.org/call-bound 19ms (cache miss)
499 silly packumentCache full:https://registry.npmjs.org/call-bound set size:undefined disposed:false
500 http fetch GET 200 https://registry.npmjs.org/call-bound 20ms (cache miss)
501 silly packumentCache full:https://registry.npmjs.org/call-bound set size:undefined disposed:false
502 silly placeDep ROOT call-bound@1.0.4 OK for: side-channel-map@1.0.1 want: ^1.0.2
503 silly placeDep ROOT media-typer@0.3.0 OK for: type-is@1.6.18 want: 0.3.0
504 silly placeDep ROOT sax@1.6.0 OK for: xml2js@0.5.0 want: >=0.6.0
505 silly placeDep ROOT xmlbuilder@11.0.1 OK for: xml2js@0.5.0 want: ~11.0.0
506 silly placeDep node_modules/agent-base ms@2.1.3 OK for: debug@4.4.3 want: ^2.1.3
507 silly placeDep node_modules/https-proxy-agent ms@2.1.3 OK for: debug@4.4.3 want: ^2.1.3
508 silly reify moves {}
509 silly audit bulk request {
509 silly audit   axios: [ '1.18.1' ],
509 silly audit   cors: [ '2.8.6' ],
509 silly audit   dotenv: [ '16.6.1' ],
509 silly audit   express: [ '4.22.2' ],
509 silly audit   'rss-parser': [ '3.13.0' ],
509 silly audit   'follow-redirects': [ '1.16.0' ],
509 silly audit   'form-data': [ '4.0.6' ],
509 silly audit   'https-proxy-agent': [ '5.0.1' ],
509 silly audit   'proxy-from-env': [ '2.1.0' ],
509 silly audit   'object-assign': [ '4.1.1' ],
509 silly audit   vary: [ '1.1.2' ],
509 silly audit   accepts: [ '1.3.8' ],
509 silly audit   'array-flatten': [ '1.1.1' ],
509 silly audit   'body-parser': [ '1.20.5' ],
509 silly audit   'content-disposition': [ '0.5.4' ],
509 silly audit   'content-type': [ '1.0.5' ],
509 silly audit   cookie: [ '0.7.2' ],
509 silly audit   'cookie-signature': [ '1.0.7' ],
509 silly audit   debug: [ '2.6.9', '4.4.3' ],
509 silly audit   depd: [ '2.0.0' ],
509 silly audit   encodeurl: [ '2.0.0' ],
509 silly audit   'escape-html': [ '1.0.3' ],
509 silly audit   etag: [ '1.8.1' ],
509 silly audit   finalhandler: [ '1.3.2' ],
509 silly audit   fresh: [ '0.5.2' ],
509 silly audit   'http-errors': [ '2.0.1' ],
509 silly audit   'merge-descriptors': [ '1.0.3' ],
509 silly audit   methods: [ '1.1.2' ],
509 silly audit   'on-finished': [ '2.4.1' ],
509 silly audit   parseurl: [ '1.3.3' ],
509 silly audit   'path-to-regexp': [ '0.1.13' ],
509 silly audit   'proxy-addr': [ '2.0.7' ],
509 silly audit   qs: [ '6.15.2' ],
509 silly audit   'range-parser': [ '1.2.1' ],
509 silly audit   'safe-buffer': [ '5.2.1' ],
509 silly audit   send: [ '0.19.2' ],
509 silly audit   'serve-static': [ '1.16.3' ],
509 silly audit   setprototypeof: [ '1.2.0' ],
509 silly audit   statuses: [ '2.0.2' ],
509 silly audit   'type-is': [ '1.6.18' ],
509 silly audit   'utils-merge': [ '1.0.1' ],
509 silly audit   'mime-types': [ '2.1.35' ],
509 silly audit   negotiator: [ '0.6.3' ],
509 silly audit   bytes: [ '3.1.2' ],
509 silly audit   destroy: [ '1.2.0' ],
509 silly audit   'iconv-lite': [ '0.4.24' ],
509 silly audit   'raw-body': [ '2.5.3' ],
509 silly audit   unpipe: [ '1.0.0' ],
509 silly audit   ms: [ '2.0.0', '2.1.3' ],
509 silly audit   asynckit: [ '0.4.0' ],
509 silly audit   'combined-stream': [ '1.0.8' ],
509 silly audit   'es-set-tostringtag': [ '2.1.0' ],
509 silly audit   hasown: [ '2.0.4' ],
509 silly audit   'delayed-stream': [ '1.0.0' ],
509 silly audit   'es-errors': [ '1.3.0' ],
509 silly audit   'get-intrinsic': [ '1.3.0' ],
509 silly audit   'has-tostringtag': [ '1.0.2' ],
509 silly audit   'call-bind-apply-helpers': [ '1.0.2' ],
509 silly audit   'es-define-property': [ '1.0.1' ],
509 silly audit   'es-object-atoms': [ '1.1.2' ],
509 silly audit   'function-bind': [ '1.1.2' ],
509 silly audit   'get-proto': [ '1.0.1' ],
509 silly audit   gopd: [ '1.2.0' ],
509 silly audit   'has-symbols': [ '1.1.0' ],
509 silly audit   'math-intrinsics': [ '1.1.0' ],
509 silly audit   'dunder-proto': [ '1.0.1' ],
509 silly audit   inherits: [ '2.0.4' ],
509 silly audit   toidentifier: [ '1.0.1' ],
509 silly audit   'agent-base': [ '6.0.2' ],
509 silly audit   'safer-buffer': [ '2.1.2' ],
509 silly audit   'mime-db': [ '1.52.0' ],
509 silly audit   'ee-first': [ '1.1.1' ],
509 silly audit   forwarded: [ '0.2.0' ],
509 silly audit   'ipaddr.js': [ '1.9.1' ],
509 silly audit   'side-channel': [ '1.1.1' ],
509 silly audit   entities: [ '2.2.0' ],
509 silly audit   xml2js: [ '0.5.0' ],
509 silly audit   mime: [ '1.6.0' ],
509 silly audit   'object-inspect': [ '1.13.4' ],
509 silly audit   'side-channel-list': [ '1.0.1' ],
509 silly audit   'side-channel-map': [ '1.0.1' ],
509 silly audit   'side-channel-weakmap': [ '1.0.2' ],
509 silly audit   'call-bound': [ '1.0.4' ],
509 silly audit   'media-typer': [ '0.3.0' ],
509 silly audit   sax: [ '1.6.0' ],
509 silly audit   xmlbuilder: [ '11.0.1' ]
509 silly audit }
510 http cache sax@https://registry.npmjs.org/sax/-/sax-1.6.0.tgz 0ms (cache hit)
511 http cache call-bound@https://registry.npmjs.org/call-bound/-/call-bound-1.0.4.tgz 0ms (cache hit)
512 http cache xmlbuilder@https://registry.npmjs.org/xmlbuilder/-/xmlbuilder-11.0.1.tgz 0ms (cache hit)
513 http cache side-channel-weakmap@https://registry.npmjs.org/side-channel-weakmap/-/side-channel-weakmap-1.0.2.tgz 0ms (cache hit)
514 http cache media-typer@https://registry.npmjs.org/media-typer/-/media-typer-0.3.0.tgz 0ms (cache hit)
515 http cache side-channel-list@https://registry.npmjs.org/side-channel-list/-/side-channel-list-1.0.1.tgz 0ms (cache hit)
516 http cache side-channel-map@https://registry.npmjs.org/side-channel-map/-/side-channel-map-1.0.1.tgz 0ms (cache hit)
517 http cache object-inspect@https://registry.npmjs.org/object-inspect/-/object-inspect-1.13.4.tgz 0ms (cache hit)
518 http cache mime@https://registry.npmjs.org/mime/-/mime-1.6.0.tgz 0ms (cache hit)
519 http cache xml2js@https://registry.npmjs.org/xml2js/-/xml2js-0.5.0.tgz 0ms (cache hit)
520 http cache entities@https://registry.npmjs.org/entities/-/entities-2.2.0.tgz 0ms (cache hit)
521 http cache side-channel@https://registry.npmjs.org/side-channel/-/side-channel-1.1.1.tgz 0ms (cache hit)
522 http cache ipaddr.js@https://registry.npmjs.org/ipaddr.js/-/ipaddr.js-1.9.1.tgz 0ms (cache hit)
523 http cache forwarded@https://registry.npmjs.org/forwarded/-/forwarded-0.2.0.tgz 0ms (cache hit)
524 http cache ee-first@https://registry.npmjs.org/ee-first/-/ee-first-1.1.1.tgz 0ms (cache hit)
525 http cache mime-db@https://registry.npmjs.org/mime-db/-/mime-db-1.52.0.tgz 0ms (cache hit)
526 http cache safer-buffer@https://registry.npmjs.org/safer-buffer/-/safer-buffer-2.1.2.tgz 0ms (cache hit)
527 http cache toidentifier@https://registry.npmjs.org/toidentifier/-/toidentifier-1.0.1.tgz 0ms (cache hit)
528 http cache agent-base@https://registry.npmjs.org/agent-base/-/agent-base-6.0.2.tgz 0ms (cache hit)
529 http cache dunder-proto@https://registry.npmjs.org/dunder-proto/-/dunder-proto-1.0.1.tgz 0ms (cache hit)
530 http cache math-intrinsics@https://registry.npmjs.org/math-intrinsics/-/math-intrinsics-1.1.0.tgz 0ms (cache hit)
531 http cache inherits@https://registry.npmjs.org/inherits/-/inherits-2.0.4.tgz 0ms (cache hit)
532 http cache has-symbols@https://registry.npmjs.org/has-symbols/-/has-symbols-1.1.0.tgz 0ms (cache hit)
533 http cache gopd@https://registry.npmjs.org/gopd/-/gopd-1.2.0.tgz 0ms (cache hit)
534 http cache get-proto@https://registry.npmjs.org/get-proto/-/get-proto-1.0.1.tgz 0ms (cache hit)
535 http cache function-bind@https://registry.npmjs.org/function-bind/-/function-bind-1.1.2.tgz 0ms (cache hit)
536 http cache es-object-atoms@https://registry.npmjs.org/es-object-atoms/-/es-object-atoms-1.1.2.tgz 0ms (cache hit)
537 http cache call-bind-apply-helpers@https://registry.npmjs.org/call-bind-apply-helpers/-/call-bind-apply-helpers-1.0.2.tgz 0ms (cache hit)
538 http cache has-tostringtag@https://registry.npmjs.org/has-tostringtag/-/has-tostringtag-1.0.2.tgz 0ms (cache hit)
539 http cache get-intrinsic@https://registry.npmjs.org/get-intrinsic/-/get-intrinsic-1.3.0.tgz 0ms (cache hit)
540 http cache es-define-property@https://registry.npmjs.org/es-define-property/-/es-define-property-1.0.1.tgz 0ms (cache hit)
541 http cache es-errors@https://registry.npmjs.org/es-errors/-/es-errors-1.3.0.tgz 0ms (cache hit)
542 http cache delayed-stream@https://registry.npmjs.org/delayed-stream/-/delayed-stream-1.0.0.tgz 0ms (cache hit)
543 http cache hasown@https://registry.npmjs.org/hasown/-/hasown-2.0.4.tgz 0ms (cache hit)
544 http cache es-set-tostringtag@https://registry.npmjs.org/es-set-tostringtag/-/es-set-tostringtag-2.1.0.tgz 0ms (cache hit)
545 http cache combined-stream@https://registry.npmjs.org/combined-stream/-/combined-stream-1.0.8.tgz 0ms (cache hit)
546 http cache asynckit@https://registry.npmjs.org/asynckit/-/asynckit-0.4.0.tgz 0ms (cache hit)
547 http cache ms@https://registry.npmjs.org/ms/-/ms-2.0.0.tgz 0ms (cache hit)
548 http cache unpipe@https://registry.npmjs.org/unpipe/-/unpipe-1.0.0.tgz 0ms (cache hit)
549 http cache iconv-lite@https://registry.npmjs.org/iconv-lite/-/iconv-lite-0.4.24.tgz 0ms (cache hit)
550 http cache raw-body@https://registry.npmjs.org/raw-body/-/raw-body-2.5.3.tgz 0ms (cache hit)
551 http cache destroy@https://registry.npmjs.org/destroy/-/destroy-1.2.0.tgz 0ms (cache hit)
552 http cache bytes@https://registry.npmjs.org/bytes/-/bytes-3.1.2.tgz 0ms (cache hit)
553 http cache mime-types@https://registry.npmjs.org/mime-types/-/mime-types-2.1.35.tgz 0ms (cache hit)
554 http cache utils-merge@https://registry.npmjs.org/utils-merge/-/utils-merge-1.0.1.tgz 0ms (cache hit)
555 http cache type-is@https://registry.npmjs.org/type-is/-/type-is-1.6.18.tgz 0ms (cache hit)
556 http cache negotiator@https://registry.npmjs.org/negotiator/-/negotiator-0.6.3.tgz 0ms (cache hit)
557 http cache statuses@https://registry.npmjs.org/statuses/-/statuses-2.0.2.tgz 0ms (cache hit)
558 http cache send@https://registry.npmjs.org/send/-/send-0.19.2.tgz 0ms (cache hit)
559 http cache serve-static@https://registry.npmjs.org/serve-static/-/serve-static-1.16.3.tgz 0ms (cache hit)
560 http cache safe-buffer@https://registry.npmjs.org/safe-buffer/-/safe-buffer-5.2.1.tgz 0ms (cache hit)
561 http cache range-parser@https://registry.npmjs.org/range-parser/-/range-parser-1.2.1.tgz 0ms (cache hit)
562 http cache qs@https://registry.npmjs.org/qs/-/qs-6.15.2.tgz 0ms (cache hit)
563 http cache proxy-addr@https://registry.npmjs.org/proxy-addr/-/proxy-addr-2.0.7.tgz 0ms (cache hit)
564 http cache path-to-regexp@https://registry.npmjs.org/path-to-regexp/-/path-to-regexp-0.1.13.tgz 0ms (cache hit)
565 http cache on-finished@https://registry.npmjs.org/on-finished/-/on-finished-2.4.1.tgz 0ms (cache hit)
566 http cache methods@https://registry.npmjs.org/methods/-/methods-1.1.2.tgz 0ms (cache hit)
567 http cache setprototypeof@https://registry.npmjs.org/setprototypeof/-/setprototypeof-1.2.0.tgz 0ms (cache hit)
568 http cache merge-descriptors@https://registry.npmjs.org/merge-descriptors/-/merge-descriptors-1.0.3.tgz 0ms (cache hit)
569 http cache http-errors@https://registry.npmjs.org/http-errors/-/http-errors-2.0.1.tgz 0ms (cache hit)
570 http cache fresh@https://registry.npmjs.org/fresh/-/fresh-0.5.2.tgz 0ms (cache hit)
571 http cache finalhandler@https://registry.npmjs.org/finalhandler/-/finalhandler-1.3.2.tgz 0ms (cache hit)
572 http cache etag@https://registry.npmjs.org/etag/-/etag-1.8.1.tgz 0ms (cache hit)
573 http cache encodeurl@https://registry.npmjs.org/encodeurl/-/encodeurl-2.0.0.tgz 0ms (cache hit)
574 http cache depd@https://registry.npmjs.org/depd/-/depd-2.0.0.tgz 0ms (cache hit)
575 http cache debug@https://registry.npmjs.org/debug/-/debug-2.6.9.tgz 0ms (cache hit)
576 http cache cookie-signature@https://registry.npmjs.org/cookie-signature/-/cookie-signature-1.0.7.tgz 0ms (cache hit)
577 http cache cookie@https://registry.npmjs.org/cookie/-/cookie-0.7.2.tgz 0ms (cache hit)
578 http cache content-type@https://registry.npmjs.org/content-type/-/content-type-1.0.5.tgz 0ms (cache hit)
579 http cache content-disposition@https://registry.npmjs.org/content-disposition/-/content-disposition-0.5.4.tgz 0ms (cache hit)
580 http cache body-parser@https://registry.npmjs.org/body-parser/-/body-parser-1.20.5.tgz 0ms (cache hit)
581 http cache array-flatten@https://registry.npmjs.org/array-flatten/-/array-flatten-1.1.1.tgz 0ms (cache hit)
582 http cache accepts@https://registry.npmjs.org/accepts/-/accepts-1.3.8.tgz 0ms (cache hit)
583 http cache vary@https://registry.npmjs.org/vary/-/vary-1.1.2.tgz 0ms (cache hit)
584 http cache object-assign@https://registry.npmjs.org/object-assign/-/object-assign-4.1.1.tgz 0ms (cache hit)
585 http cache proxy-from-env@https://registry.npmjs.org/proxy-from-env/-/proxy-from-env-2.1.0.tgz 0ms (cache hit)
586 http cache https-proxy-agent@https://registry.npmjs.org/https-proxy-agent/-/https-proxy-agent-5.0.1.tgz 0ms (cache hit)
587 http cache form-data@https://registry.npmjs.org/form-data/-/form-data-4.0.6.tgz 0ms (cache hit)
588 http cache escape-html@https://registry.npmjs.org/escape-html/-/escape-html-1.0.3.tgz 0ms (cache hit)
589 http cache rss-parser@https://registry.npmjs.org/rss-parser/-/rss-parser-3.13.0.tgz 0ms (cache hit)
590 http cache follow-redirects@https://registry.npmjs.org/follow-redirects/-/follow-redirects-1.16.0.tgz 0ms (cache hit)
591 http cache express@https://registry.npmjs.org/express/-/express-4.22.2.tgz 0ms (cache hit)
592 http cache dotenv@https://registry.npmjs.org/dotenv/-/dotenv-16.6.1.tgz 0ms (cache hit)
593 http cache cors@https://registry.npmjs.org/cors/-/cors-2.8.6.tgz 0ms (cache hit)
594 http cache axios@https://registry.npmjs.org/axios/-/axios-1.18.1.tgz 0ms (cache hit)
595 http cache ms@https://registry.npmjs.org/ms/-/ms-2.1.3.tgz 0ms (cache hit)
596 http cache ms@https://registry.npmjs.org/ms/-/ms-2.1.3.tgz 0ms (cache hit)
597 http cache debug@https://registry.npmjs.org/debug/-/debug-4.4.3.tgz 0ms (cache hit)
598 http cache ms@https://registry.npmjs.org/ms/-/ms-2.1.3.tgz 0ms (cache hit)
599 http cache debug@https://registry.npmjs.org/debug/-/debug-4.4.3.tgz 0ms (cache hit)
600 http cache parseurl@https://registry.npmjs.org/parseurl/-/parseurl-1.3.3.tgz 0ms (cache hit)
601 silly tarball no local data for sax@https://registry.npmjs.org/sax/-/sax-1.6.0.tgz. Extracting by manifest.
602 silly tarball no local data for call-bound@https://registry.npmjs.org/call-bound/-/call-bound-1.0.4.tgz. Extracting by manifest.
603 silly tarball no local data for xmlbuilder@https://registry.npmjs.org/xmlbuilder/-/xmlbuilder-11.0.1.tgz. Extracting by manifest.
604 silly tarball no local data for side-channel-weakmap@https://registry.npmjs.org/side-channel-weakmap/-/side-channel-weakmap-1.0.2.tgz. Extracting by manifest.
605 silly tarball no local data for media-typer@https://registry.npmjs.org/media-typer/-/media-typer-0.3.0.tgz. Extracting by manifest.
606 silly tarball no local data for side-channel-list@https://registry.npmjs.org/side-channel-list/-/side-channel-list-1.0.1.tgz. Extracting by manifest.
607 silly tarball no local data for side-channel-map@https://registry.npmjs.org/side-channel-map/-/side-channel-map-1.0.1.tgz. Extracting by manifest.
608 silly tarball no local data for object-inspect@https://registry.npmjs.org/object-inspect/-/object-inspect-1.13.4.tgz. Extracting by manifest.
609 silly tarball no local data for mime@https://registry.npmjs.org/mime/-/mime-1.6.0.tgz. Extracting by manifest.
610 silly tarball no local data for xml2js@https://registry.npmjs.org/xml2js/-/xml2js-0.5.0.tgz. Extracting by manifest.
611 silly tarball no local data for entities@https://registry.npmjs.org/entities/-/entities-2.2.0.tgz. Extracting by manifest.
612 silly tarball no local data for side-channel@https://registry.npmjs.org/side-channel/-/side-channel-1.1.1.tgz. Extracting by manifest.
613 silly tarball no local data for ipaddr.js@https://registry.npmjs.org/ipaddr.js/-/ipaddr.js-1.9.1.tgz. Extracting by manifest.
614 silly tarball no local data for forwarded@https://registry.npmjs.org/forwarded/-/forwarded-0.2.0.tgz. Extracting by manifest.
615 silly tarball no local data for ee-first@https://registry.npmjs.org/ee-first/-/ee-first-1.1.1.tgz. Extracting by manifest.
616 silly tarball no local data for mime-db@https://registry.npmjs.org/mime-db/-/mime-db-1.52.0.tgz. Extracting by manifest.
617 silly tarball no local data for safer-buffer@https://registry.npmjs.org/safer-buffer/-/safer-buffer-2.1.2.tgz. Extracting by manifest.
618 silly tarball no local data for toidentifier@https://registry.npmjs.org/toidentifier/-/toidentifier-1.0.1.tgz. Extracting by manifest.
619 silly tarball no local data for agent-base@https://registry.npmjs.org/agent-base/-/agent-base-6.0.2.tgz. Extracting by manifest.
620 silly tarball no local data for dunder-proto@https://registry.npmjs.org/dunder-proto/-/dunder-proto-1.0.1.tgz. Extracting by manifest.
621 silly tarball no local data for math-intrinsics@https://registry.npmjs.org/math-intrinsics/-/math-intrinsics-1.1.0.tgz. Extracting by manifest.
622 silly tarball no local data for inherits@https://registry.npmjs.org/inherits/-/inherits-2.0.4.tgz. Extracting by manifest.
623 silly tarball no local data for has-symbols@https://registry.npmjs.org/has-symbols/-/has-symbols-1.1.0.tgz. Extracting by manifest.
624 silly tarball no local data for gopd@https://registry.npmjs.org/gopd/-/gopd-1.2.0.tgz. Extracting by manifest.
625 silly tarball no local data for get-proto@https://registry.npmjs.org/get-proto/-/get-proto-1.0.1.tgz. Extracting by manifest.
626 silly tarball no local data for function-bind@https://registry.npmjs.org/function-bind/-/function-bind-1.1.2.tgz. Extracting by manifest.
627 silly tarball no local data for es-object-atoms@https://registry.npmjs.org/es-object-atoms/-/es-object-atoms-1.1.2.tgz. Extracting by manifest.
628 silly tarball no local data for call-bind-apply-helpers@https://registry.npmjs.org/call-bind-apply-helpers/-/call-bind-apply-helpers-1.0.2.tgz. Extracting by manifest.
629 silly tarball no local data for has-tostringtag@https://registry.npmjs.org/has-tostringtag/-/has-tostringtag-1.0.2.tgz. Extracting by manifest.
630 silly tarball no local data for get-intrinsic@https://registry.npmjs.org/get-intrinsic/-/get-intrinsic-1.3.0.tgz. Extracting by manifest.
631 silly tarball no local data for es-define-property@https://registry.npmjs.org/es-define-property/-/es-define-property-1.0.1.tgz. Extracting by manifest.
632 silly tarball no local data for es-errors@https://registry.npmjs.org/es-errors/-/es-errors-1.3.0.tgz. Extracting by manifest.
633 silly tarball no local data for delayed-stream@https://registry.npmjs.org/delayed-stream/-/delayed-stream-1.0.0.tgz. Extracting by manifest.
634 silly tarball no local data for hasown@https://registry.npmjs.org/hasown/-/hasown-2.0.4.tgz. Extracting by manifest.
635 silly tarball no local data for es-set-tostringtag@https://registry.npmjs.org/es-set-tostringtag/-/es-set-tostringtag-2.1.0.tgz. Extracting by manifest.
636 silly tarball no local data for combined-stream@https://registry.npmjs.org/combined-stream/-/combined-stream-1.0.8.tgz. Extracting by manifest.
637 silly tarball no local data for asynckit@https://registry.npmjs.org/asynckit/-/asynckit-0.4.0.tgz. Extracting by manifest.
638 silly tarball no local data for ms@https://registry.npmjs.org/ms/-/ms-2.0.0.tgz. Extracting by manifest.
639 silly tarball no local data for unpipe@https://registry.npmjs.org/unpipe/-/unpipe-1.0.0.tgz. Extracting by manifest.
640 silly tarball no local data for iconv-lite@https://registry.npmjs.org/iconv-lite/-/iconv-lite-0.4.24.tgz. Extracting by manifest.
641 silly tarball no local data for raw-body@https://registry.npmjs.org/raw-body/-/raw-body-2.5.3.tgz. Extracting by manifest.
642 silly tarball no local data for destroy@https://registry.npmjs.org/destroy/-/destroy-1.2.0.tgz. Extracting by manifest.
643 silly tarball no local data for bytes@https://registry.npmjs.org/bytes/-/bytes-3.1.2.tgz. Extracting by manifest.
644 silly tarball no local data for mime-types@https://registry.npmjs.org/mime-types/-/mime-types-2.1.35.tgz. Extracting by manifest.
645 silly tarball no local data for utils-merge@https://registry.npmjs.org/utils-merge/-/utils-merge-1.0.1.tgz. Extracting by manifest.
646 silly tarball no local data for type-is@https://registry.npmjs.org/type-is/-/type-is-1.6.18.tgz. Extracting by manifest.
647 silly tarball no local data for negotiator@https://registry.npmjs.org/negotiator/-/negotiator-0.6.3.tgz. Extracting by manifest.
648 silly tarball no local data for statuses@https://registry.npmjs.org/statuses/-/statuses-2.0.2.tgz. Extracting by manifest.
649 silly tarball no local data for send@https://registry.npmjs.org/send/-/send-0.19.2.tgz. Extracting by manifest.
650 silly tarball no local data for serve-static@https://registry.npmjs.org/serve-static/-/serve-static-1.16.3.tgz. Extracting by manifest.
651 silly tarball no local data for safe-buffer@https://registry.npmjs.org/safe-buffer/-/safe-buffer-5.2.1.tgz. Extracting by manifest.
652 silly tarball no local data for range-parser@https://registry.npmjs.org/range-parser/-/range-parser-1.2.1.tgz. Extracting by manifest.
653 silly tarball no local data for qs@https://registry.npmjs.org/qs/-/qs-6.15.2.tgz. Extracting by manifest.
654 silly tarball no local data for proxy-addr@https://registry.npmjs.org/proxy-addr/-/proxy-addr-2.0.7.tgz. Extracting by manifest.
655 silly tarball no local data for path-to-regexp@https://registry.npmjs.org/path-to-regexp/-/path-to-regexp-0.1.13.tgz. Extracting by manifest.
656 silly tarball no local data for on-finished@https://registry.npmjs.org/on-finished/-/on-finished-2.4.1.tgz. Extracting by manifest.
657 silly tarball no local data for methods@https://registry.npmjs.org/methods/-/methods-1.1.2.tgz. Extracting by manifest.
658 silly tarball no local data for setprototypeof@https://registry.npmjs.org/setprototypeof/-/setprototypeof-1.2.0.tgz. Extracting by manifest.
659 silly tarball no local data for merge-descriptors@https://registry.npmjs.org/merge-descriptors/-/merge-descriptors-1.0.3.tgz. Extracting by manifest.
660 silly tarball no local data for http-errors@https://registry.npmjs.org/http-errors/-/http-errors-2.0.1.tgz. Extracting by manifest.
661 silly tarball no local data for fresh@https://registry.npmjs.org/fresh/-/fresh-0.5.2.tgz. Extracting by manifest.
662 silly tarball no local data for finalhandler@https://registry.npmjs.org/finalhandler/-/finalhandler-1.3.2.tgz. Extracting by manifest.
663 silly tarball no local data for etag@https://registry.npmjs.org/etag/-/etag-1.8.1.tgz. Extracting by manifest.
664 silly tarball no local data for encodeurl@https://registry.npmjs.org/encodeurl/-/encodeurl-2.0.0.tgz. Extracting by manifest.
665 silly tarball no local data for depd@https://registry.npmjs.org/depd/-/depd-2.0.0.tgz. Extracting by manifest.
666 silly tarball no local data for debug@https://registry.npmjs.org/debug/-/debug-2.6.9.tgz. Extracting by manifest.
667 silly tarball no local data for cookie-signature@https://registry.npmjs.org/cookie-signature/-/cookie-signature-1.0.7.tgz. Extracting by manifest.
668 silly tarball no local data for cookie@https://registry.npmjs.org/cookie/-/cookie-0.7.2.tgz. Extracting by manifest.
669 silly tarball no local data for content-type@https://registry.npmjs.org/content-type/-/content-type-1.0.5.tgz. Extracting by manifest.
670 silly tarball no local data for content-disposition@https://registry.npmjs.org/content-disposition/-/content-disposition-0.5.4.tgz. Extracting by manifest.
671 silly tarball no local data for body-parser@https://registry.npmjs.org/body-parser/-/body-parser-1.20.5.tgz. Extracting by manifest.
672 silly tarball no local data for array-flatten@https://registry.npmjs.org/array-flatten/-/array-flatten-1.1.1.tgz. Extracting by manifest.
673 silly tarball no local data for accepts@https://registry.npmjs.org/accepts/-/accepts-1.3.8.tgz. Extracting by manifest.
674 silly tarball no local data for vary@https://registry.npmjs.org/vary/-/vary-1.1.2.tgz. Extracting by manifest.
675 silly tarball no local data for object-assign@https://registry.npmjs.org/object-assign/-/object-assign-4.1.1.tgz. Extracting by manifest.
676 silly tarball no local data for proxy-from-env@https://registry.npmjs.org/proxy-from-env/-/proxy-from-env-2.1.0.tgz. Extracting by manifest.
677 silly tarball no local data for https-proxy-agent@https://registry.npmjs.org/https-proxy-agent/-/https-proxy-agent-5.0.1.tgz. Extracting by manifest.
678 silly tarball no local data for form-data@https://registry.npmjs.org/form-data/-/form-data-4.0.6.tgz. Extracting by manifest.
679 silly tarball no local data for escape-html@https://registry.npmjs.org/escape-html/-/escape-html-1.0.3.tgz. Extracting by manifest.
680 silly tarball no local data for rss-parser@https://registry.npmjs.org/rss-parser/-/rss-parser-3.13.0.tgz. Extracting by manifest.
681 silly tarball no local data for follow-redirects@https://registry.npmjs.org/follow-redirects/-/follow-redirects-1.16.0.tgz. Extracting by manifest.
682 silly tarball no local data for express@https://registry.npmjs.org/express/-/express-4.22.2.tgz. Extracting by manifest.
683 silly tarball no local data for dotenv@https://registry.npmjs.org/dotenv/-/dotenv-16.6.1.tgz. Extracting by manifest.
684 silly tarball no local data for cors@https://registry.npmjs.org/cors/-/cors-2.8.6.tgz. Extracting by manifest.
685 silly tarball no local data for axios@https://registry.npmjs.org/axios/-/axios-1.18.1.tgz. Extracting by manifest.
686 silly tarball no local data for ms@https://registry.npmjs.org/ms/-/ms-2.1.3.tgz. Extracting by manifest.
687 silly tarball no local data for ms@https://registry.npmjs.org/ms/-/ms-2.1.3.tgz. Extracting by manifest.
688 silly tarball no local data for debug@https://registry.npmjs.org/debug/-/debug-4.4.3.tgz. Extracting by manifest.
689 silly tarball no local data for ms@https://registry.npmjs.org/ms/-/ms-2.1.3.tgz. Extracting by manifest.
690 silly tarball no local data for debug@https://registry.npmjs.org/debug/-/debug-4.4.3.tgz. Extracting by manifest.
691 silly tarball no local data for parseurl@https://registry.npmjs.org/parseurl/-/parseurl-1.3.3.tgz. Extracting by manifest.
692 http fetch GET 200 https://registry.npmjs.org/media-typer/-/media-typer-0.3.0.tgz 41ms (cache miss)
693 http fetch GET 200 https://registry.npmjs.org/call-bound/-/call-bound-1.0.4.tgz 41ms (cache miss)
694 http fetch GET 200 https://registry.npmjs.org/side-channel-map/-/side-channel-map-1.0.1.tgz 41ms (cache miss)
695 http fetch GET 200 https://registry.npmjs.org/sax/-/sax-1.6.0.tgz 41ms (cache miss)
696 http fetch GET 200 https://registry.npmjs.org/side-channel-list/-/side-channel-list-1.0.1.tgz 41ms (cache miss)
697 http fetch GET 200 https://registry.npmjs.org/side-channel-weakmap/-/side-channel-weakmap-1.0.2.tgz 42ms (cache miss)
698 http fetch GET 200 https://registry.npmjs.org/object-inspect/-/object-inspect-1.13.4.tgz 50ms (cache miss)
699 http fetch GET 200 https://registry.npmjs.org/xmlbuilder/-/xmlbuilder-11.0.1.tgz 54ms (cache miss)
700 http fetch GET 200 https://registry.npmjs.org/ee-first/-/ee-first-1.1.1.tgz 55ms (cache miss)
701 http fetch GET 200 https://registry.npmjs.org/dunder-proto/-/dunder-proto-1.0.1.tgz 54ms (cache miss)
702 http fetch GET 200 https://registry.npmjs.org/mime-db/-/mime-db-1.52.0.tgz 57ms (cache miss)
703 http fetch GET 200 https://registry.npmjs.org/agent-base/-/agent-base-6.0.2.tgz 56ms (cache miss)
704 http fetch GET 200 https://registry.npmjs.org/safer-buffer/-/safer-buffer-2.1.2.tgz 57ms (cache miss)
705 http fetch GET 200 https://registry.npmjs.org/toidentifier/-/toidentifier-1.0.1.tgz 57ms (cache miss)
706 http fetch GET 200 https://registry.npmjs.org/ipaddr.js/-/ipaddr.js-1.9.1.tgz 63ms (cache miss)
707 http fetch GET 200 https://registry.npmjs.org/entities/-/entities-2.2.0.tgz 63ms (cache miss)
708 http fetch GET 200 https://registry.npmjs.org/math-intrinsics/-/math-intrinsics-1.1.0.tgz 65ms (cache miss)
709 http fetch GET 200 https://registry.npmjs.org/inherits/-/inherits-2.0.4.tgz 67ms (cache miss)
710 http fetch GET 200 https://registry.npmjs.org/forwarded/-/forwarded-0.2.0.tgz 69ms (cache miss)
711 http fetch GET 200 https://registry.npmjs.org/side-channel/-/side-channel-1.1.1.tgz 69ms (cache miss)
712 http fetch GET 200 https://registry.npmjs.org/mime/-/mime-1.6.0.tgz 70ms (cache miss)
713 http fetch GET 200 https://registry.npmjs.org/xml2js/-/xml2js-0.5.0.tgz 70ms (cache miss)
714 http fetch GET 200 https://registry.npmjs.org/get-proto/-/get-proto-1.0.1.tgz 75ms (cache miss)
715 http fetch GET 200 https://registry.npmjs.org/gopd/-/gopd-1.2.0.tgz 75ms (cache miss)
716 http fetch GET 200 https://registry.npmjs.org/function-bind/-/function-bind-1.1.2.tgz 75ms (cache miss)
717 http fetch GET 200 https://registry.npmjs.org/has-symbols/-/has-symbols-1.1.0.tgz 76ms (cache miss)
718 http fetch GET 200 https://registry.npmjs.org/es-object-atoms/-/es-object-atoms-1.1.2.tgz 78ms (cache miss)
719 http fetch GET 200 https://registry.npmjs.org/call-bind-apply-helpers/-/call-bind-apply-helpers-1.0.2.tgz 79ms (cache miss)
720 http fetch GET 200 https://registry.npmjs.org/has-tostringtag/-/has-tostringtag-1.0.2.tgz 80ms (cache miss)
721 http fetch GET 200 https://registry.npmjs.org/get-intrinsic/-/get-intrinsic-1.3.0.tgz 80ms (cache miss)
722 http fetch GET 200 https://registry.npmjs.org/es-define-property/-/es-define-property-1.0.1.tgz 83ms (cache miss)
723 http fetch GET 200 https://registry.npmjs.org/hasown/-/hasown-2.0.4.tgz 83ms (cache miss)
724 http fetch GET 200 https://registry.npmjs.org/es-set-tostringtag/-/es-set-tostringtag-2.1.0.tgz 85ms (cache miss)
725 http fetch GET 200 https://registry.npmjs.org/delayed-stream/-/delayed-stream-1.0.0.tgz 87ms (cache miss)
726 http fetch GET 200 https://registry.npmjs.org/ms/-/ms-2.0.0.tgz 91ms (cache miss)
727 http fetch GET 200 https://registry.npmjs.org/unpipe/-/unpipe-1.0.0.tgz 91ms (cache miss)
728 http fetch GET 200 https://registry.npmjs.org/combined-stream/-/combined-stream-1.0.8.tgz 91ms (cache miss)
729 http fetch GET 200 https://registry.npmjs.org/es-errors/-/es-errors-1.3.0.tgz 93ms (cache miss)
730 http fetch GET 200 https://registry.npmjs.org/asynckit/-/asynckit-0.4.0.tgz 94ms (cache miss)
731 http fetch GET 200 https://registry.npmjs.org/bytes/-/bytes-3.1.2.tgz 97ms (cache miss)
732 http fetch GET 200 https://registry.npmjs.org/raw-body/-/raw-body-2.5.3.tgz 102ms (cache miss)
733 http fetch GET 200 https://registry.npmjs.org/destroy/-/destroy-1.2.0.tgz 104ms (cache miss)
734 http fetch GET 200 https://registry.npmjs.org/mime-types/-/mime-types-2.1.35.tgz 104ms (cache miss)
735 http fetch GET 200 https://registry.npmjs.org/utils-merge/-/utils-merge-1.0.1.tgz 107ms (cache miss)
736 http fetch GET 200 https://registry.npmjs.org/type-is/-/type-is-1.6.18.tgz 107ms (cache miss)
737 http fetch GET 200 https://registry.npmjs.org/serve-static/-/serve-static-1.16.3.tgz 114ms (cache miss)
738 http fetch GET 200 https://registry.npmjs.org/range-parser/-/range-parser-1.2.1.tgz 114ms (cache miss)
739 http fetch GET 200 https://registry.npmjs.org/statuses/-/statuses-2.0.2.tgz 114ms (cache miss)
740 http fetch GET 200 https://registry.npmjs.org/safe-buffer/-/safe-buffer-5.2.1.tgz 115ms (cache miss)
741 http fetch GET 200 https://registry.npmjs.org/negotiator/-/negotiator-0.6.3.tgz 115ms (cache miss)
742 http fetch GET 200 https://registry.npmjs.org/iconv-lite/-/iconv-lite-0.4.24.tgz 116ms (cache miss)
743 http fetch GET 200 https://registry.npmjs.org/send/-/send-0.19.2.tgz 119ms (cache miss)
744 http fetch GET 200 https://registry.npmjs.org/qs/-/qs-6.15.2.tgz 120ms (cache miss)
745 http fetch GET 200 https://registry.npmjs.org/proxy-addr/-/proxy-addr-2.0.7.tgz 120ms (cache miss)
746 http fetch GET 200 https://registry.npmjs.org/path-to-regexp/-/path-to-regexp-0.1.13.tgz 120ms (cache miss)
747 http fetch GET 200 https://registry.npmjs.org/on-finished/-/on-finished-2.4.1.tgz 121ms (cache miss)
748 http fetch GET 200 https://registry.npmjs.org/methods/-/methods-1.1.2.tgz 125ms (cache miss)
749 http fetch GET 200 https://registry.npmjs.org/setprototypeof/-/setprototypeof-1.2.0.tgz 133ms (cache miss)
750 http fetch GET 200 https://registry.npmjs.org/finalhandler/-/finalhandler-1.3.2.tgz 133ms (cache miss)
751 http fetch GET 200 https://registry.npmjs.org/encodeurl/-/encodeurl-2.0.0.tgz 132ms (cache miss)
752 http fetch GET 200 https://registry.npmjs.org/http-errors/-/http-errors-2.0.1.tgz 134ms (cache miss)
753 http fetch GET 200 https://registry.npmjs.org/etag/-/etag-1.8.1.tgz 134ms (cache miss)
754 http fetch GET 200 https://registry.npmjs.org/merge-descriptors/-/merge-descriptors-1.0.3.tgz 134ms (cache miss)
755 http fetch GET 200 https://registry.npmjs.org/fresh/-/fresh-0.5.2.tgz 134ms (cache miss)
756 http fetch GET 200 https://registry.npmjs.org/depd/-/depd-2.0.0.tgz 133ms (cache miss)
757 http fetch GET 200 https://registry.npmjs.org/cookie/-/cookie-0.7.2.tgz 137ms (cache miss)
758 http fetch GET 200 https://registry.npmjs.org/content-type/-/content-type-1.0.5.tgz 137ms (cache miss)
759 http fetch GET 200 https://registry.npmjs.org/debug/-/debug-2.6.9.tgz 138ms (cache miss)
760 http fetch GET 200 https://registry.npmjs.org/content-disposition/-/content-disposition-0.5.4.tgz 138ms (cache miss)
761 http fetch GET 200 https://registry.npmjs.org/cookie-signature/-/cookie-signature-1.0.7.tgz 141ms (cache miss)
762 http fetch GET 200 https://registry.npmjs.org/body-parser/-/body-parser-1.20.5.tgz 141ms (cache miss)
763 http fetch GET 200 https://registry.npmjs.org/proxy-from-env/-/proxy-from-env-2.1.0.tgz 150ms (cache miss)
764 http fetch GET 200 https://registry.npmjs.org/vary/-/vary-1.1.2.tgz 152ms (cache miss)
765 http fetch GET 200 https://registry.npmjs.org/array-flatten/-/array-flatten-1.1.1.tgz 156ms (cache miss)
766 http fetch GET 200 https://registry.npmjs.org/follow-redirects/-/follow-redirects-1.16.0.tgz 155ms (cache miss)
767 http fetch GET 200 https://registry.npmjs.org/express/-/express-4.22.2.tgz 159ms (cache miss)
768 http fetch GET 200 https://registry.npmjs.org/object-assign/-/object-assign-4.1.1.tgz 162ms (cache miss)
769 http fetch GET 200 https://registry.npmjs.org/form-data/-/form-data-4.0.6.tgz 162ms (cache miss)
770 http fetch GET 200 https://registry.npmjs.org/https-proxy-agent/-/https-proxy-agent-5.0.1.tgz 163ms (cache miss)
771 http fetch GET 200 https://registry.npmjs.org/dotenv/-/dotenv-16.6.1.tgz 162ms (cache miss)
772 http fetch GET 200 https://registry.npmjs.org/accepts/-/accepts-1.3.8.tgz 166ms (cache miss)
773 http fetch GET 200 https://registry.npmjs.org/escape-html/-/escape-html-1.0.3.tgz 174ms (cache miss)
774 http fetch GET 200 https://registry.npmjs.org/ms/-/ms-2.1.3.tgz 176ms (cache miss)
775 http fetch GET 200 https://registry.npmjs.org/ms/-/ms-2.1.3.tgz 179ms (cache miss)
776 http fetch GET 200 https://registry.npmjs.org/ms/-/ms-2.1.3.tgz 179ms (cache miss)
777 http fetch GET 200 https://registry.npmjs.org/debug/-/debug-4.4.3.tgz 179ms (cache miss)
778 http fetch GET 200 https://registry.npmjs.org/parseurl/-/parseurl-1.3.3.tgz 203ms (cache miss)
779 http fetch POST 200 https://registry.npmjs.org/-/npm/v1/security/advisories/bulk 254ms
780 silly audit report {}
781 http fetch GET 200 https://registry.npmjs.org/rss-parser/-/rss-parser-3.13.0.tgz 266ms (cache miss)
782 http fetch GET 200 https://registry.npmjs.org/axios/-/axios-1.18.1.tgz 313ms (cache miss)
783 http fetch GET 200 https://registry.npmjs.org/cors/-/cors-2.8.6.tgz 401ms (cache miss)
784 http fetch GET 200 https://registry.npmjs.org/debug/-/debug-4.4.3.tgz 443ms (cache miss)
785 silly ADD node_modules/xmlbuilder
786 silly ADD node_modules/sax
787 silly ADD node_modules/media-typer
788 silly ADD node_modules/call-bound
789 silly ADD node_modules/side-channel-weakmap
790 silly ADD node_modules/side-channel-map
791 silly ADD node_modules/side-channel-list
792 silly ADD node_modules/object-inspect
793 silly ADD node_modules/mime
794 silly ADD node_modules/xml2js
795 silly ADD node_modules/entities
796 silly ADD node_modules/side-channel
797 silly ADD node_modules/ipaddr.js
798 silly ADD node_modules/forwarded
799 silly ADD node_modules/ee-first
800 silly ADD node_modules/mime-db
801 silly ADD node_modules/safer-buffer
802 silly ADD node_modules/agent-base
803 silly ADD node_modules/agent-base/node_modules/ms
804 silly ADD node_modules/agent-base/node_modules/debug
805 silly ADD node_modules/toidentifier
806 silly ADD node_modules/inherits
807 silly ADD node_modules/dunder-proto
808 silly ADD node_modules/math-intrinsics
809 silly ADD node_modules/has-symbols
810 silly ADD node_modules/gopd
811 silly ADD node_modules/get-proto
812 silly ADD node_modules/function-bind
813 silly ADD node_modules/es-object-atoms
814 silly ADD node_modules/es-define-property
815 silly ADD node_modules/call-bind-apply-helpers
816 silly ADD node_modules/has-tostringtag
817 silly ADD node_modules/get-intrinsic
818 silly ADD node_modules/es-errors
819 silly ADD node_modules/delayed-stream
820 silly ADD node_modules/hasown
821 silly ADD node_modules/es-set-tostringtag
822 silly ADD node_modules/combined-stream
823 silly ADD node_modules/asynckit
824 silly ADD node_modules/ms
825 silly ADD node_modules/unpipe
826 silly ADD node_modules/raw-body
827 silly ADD node_modules/iconv-lite
828 silly ADD node_modules/destroy
829 silly ADD node_modules/bytes
830 silly ADD node_modules/negotiator
831 silly ADD node_modules/mime-types
832 silly ADD node_modules/utils-merge
833 silly ADD node_modules/type-is
834 silly ADD node_modules/statuses
835 silly ADD node_modules/setprototypeof
836 silly ADD node_modules/serve-static
837 silly ADD node_modules/send
838 silly ADD node_modules/send/node_modules/ms
839 silly ADD node_modules/safe-buffer
840 silly ADD node_modules/range-parser
841 silly ADD node_modules/qs
842 silly ADD node_modules/proxy-addr
843 silly ADD node_modules/path-to-regexp
844 silly ADD node_modules/parseurl
845 silly ADD node_modules/on-finished
846 silly ADD node_modules/methods
847 silly ADD node_modules/merge-descriptors
848 silly ADD node_modules/http-errors
849 silly ADD node_modules/fresh
850 silly ADD node_modules/finalhandler
851 silly ADD node_modules/etag
852 silly ADD node_modules/escape-html
853 silly ADD node_modules/encodeurl
854 silly ADD node_modules/depd
855 silly ADD node_modules/debug
856 silly ADD node_modules/cookie-signature
857 silly ADD node_modules/cookie
858 silly ADD node_modules/content-type
859 silly ADD node_modules/content-disposition
860 silly ADD node_modules/body-parser
861 silly ADD node_modules/array-flatten
862 silly ADD node_modules/accepts
863 silly ADD node_modules/vary
864 silly ADD node_modules/object-assign
865 silly ADD node_modules/proxy-from-env
866 silly ADD node_modules/https-proxy-agent
867 silly ADD node_modules/https-proxy-agent/node_modules/ms
868 silly ADD node_modules/https-proxy-agent/node_modules/debug
869 silly ADD node_modules/form-data
870 silly ADD node_modules/follow-redirects
871 silly ADD node_modules/rss-parser
872 silly ADD node_modules/express
873 silly ADD node_modules/dotenv
874 silly ADD node_modules/cors
875 silly ADD node_modules/axios
876 verbose cwd /Users/varunreddy/Desktop/agri_apdl
877 verbose os Darwin 24.6.0
878 verbose node v25.6.1
879 verbose npm  v11.9.0
880 notice
880 notice New minor version of npm available! 11.9.0 -> 11.17.0
880 notice Changelog: https://github.com/npm/cli/releases/tag/v11.17.0
880 notice To update run: npm install -g npm@11.17.0
880 notice  { force: true, Symbol(proc-log.meta): true }
881 verbose exit 0
882 info ok
